Archive member included to satisfy reference by file (symbol)

c:/qmk_msys/mingw64/bin/../lib/gcc/avr/12.2.0/avr5\libgcc.a(_exit.o)
                              c:/qmk_msys/mingw64/bin/../lib/gcc/avr/12.2.0/../../../../avr/lib/avr5/crtatmega32.o (exit)
c:/qmk_msys/mingw64/bin/../lib/gcc/avr/12.2.0/avr5\libgcc.a(_copy_data.o)
                              main.o (__do_copy_data)
c:/qmk_msys/mingw64/bin/../lib/gcc/avr/12.2.0/avr5\libgcc.a(_clear_bss.o)
                              main.o (__do_clear_bss)
c:/qmk_msys/mingw64/bin/../lib/gcc/avr/12.2.0/../../../../avr/lib/avr5\libatmega32.a(eerd_byte.o)
                              main.o (eeprom_read_byte)
c:/qmk_msys/mingw64/bin/../lib/gcc/avr/12.2.0/../../../../avr/lib/avr5\libatmega32.a(eewr_byte.o)
                              main.o (eeprom_write_byte)

Discarded input sections

 .data          0x00000000        0x0 c:/qmk_msys/mingw64/bin/../lib/gcc/avr/12.2.0/../../../../avr/lib/avr5/crtatmega32.o
 .bss           0x00000000        0x0 c:/qmk_msys/mingw64/bin/../lib/gcc/avr/12.2.0/../../../../avr/lib/avr5/crtatmega32.o
 .data          0x00000000        0x0 usbdrv/usbdrvasm.o
 .bss           0x00000000        0x0 usbdrv/usbdrvasm.o
 .group         0x00000000        0xc usbdrv/oddebug.o
 .group         0x00000000        0xc usbdrv/oddebug.o
 .group         0x00000000        0xc usbdrv/oddebug.o
 .group         0x00000000        0xc usbdrv/oddebug.o
 .group         0x00000000        0xc usbdrv/oddebug.o
 .group         0x00000000        0xc usbdrv/oddebug.o
 .group         0x00000000        0xc usbdrv/oddebug.o
 .group         0x00000000        0xc usbdrv/oddebug.o
 .group         0x00000000        0xc usbdrv/oddebug.o
 .group         0x00000000        0xc usbdrv/oddebug.o
 .group         0x00000000        0xc usbdrv/oddebug.o
 .group         0x00000000        0xc usbdrv/oddebug.o
 .group         0x00000000        0xc usbdrv/oddebug.o
 .group         0x00000000        0xc usbdrv/oddebug.o
 .group         0x00000000        0xc usbdrv/oddebug.o
 .group         0x00000000        0xc usbdrv/oddebug.o
 .group         0x00000000        0xc usbdrv/oddebug.o
 .group         0x00000000        0xc usbdrv/oddebug.o
 .group         0x00000000        0xc usbdrv/oddebug.o
 .text          0x00000000        0x0 usbdrv/oddebug.o
 .data          0x00000000        0x0 usbdrv/oddebug.o
 .bss           0x00000000        0x0 usbdrv/oddebug.o
 .noinit        0x00000000        0x2 usbdrv/oddebug.o
 .debug_info    0x00000000       0x8e usbdrv/oddebug.o
 .debug_abbrev  0x00000000       0x51 usbdrv/oddebug.o
 .debug_aranges
                0x00000000       0x18 usbdrv/oddebug.o
 .debug_macro   0x00000000       0xf9 usbdrv/oddebug.o
 .debug_macro   0x00000000      0xbf8 usbdrv/oddebug.o
 .debug_macro   0x00000000       0x10 usbdrv/oddebug.o
 .debug_macro   0x00000000      0x1c9 usbdrv/oddebug.o
 .debug_macro   0x00000000      0x2fc usbdrv/oddebug.o
 .debug_macro   0x00000000       0x9e usbdrv/oddebug.o
 .debug_macro   0x00000000      0xc24 usbdrv/oddebug.o
 .debug_macro   0x00000000      0x170 usbdrv/oddebug.o
 .debug_macro   0x00000000       0xbd usbdrv/oddebug.o
 .debug_macro   0x00000000       0x34 usbdrv/oddebug.o
 .debug_macro   0x00000000       0x18 usbdrv/oddebug.o
 .debug_macro   0x00000000       0x6c usbdrv/oddebug.o
 .debug_macro   0x00000000       0xec usbdrv/oddebug.o
 .debug_macro   0x00000000       0x22 usbdrv/oddebug.o
 .debug_macro   0x00000000      0x11c usbdrv/oddebug.o
 .debug_macro   0x00000000       0x10 usbdrv/oddebug.o
 .debug_macro   0x00000000       0x90 usbdrv/oddebug.o
 .debug_macro   0x00000000       0xd2 usbdrv/oddebug.o
 .debug_macro   0x00000000       0x27 usbdrv/oddebug.o
 .debug_macro   0x00000000       0x22 usbdrv/oddebug.o
 .debug_line    0x00000000       0xb2 usbdrv/oddebug.o
 .debug_str     0x00000000     0x7dbb usbdrv/oddebug.o
 .debug_line_str
                0x00000000      0x228 usbdrv/oddebug.o
 .comment       0x00000000       0x13 usbdrv/oddebug.o
 .group         0x00000000        0xc main.o
 .group         0x00000000        0xc main.o
 .group         0x00000000        0xc main.o
 .group         0x00000000        0xc main.o
 .group         0x00000000        0xc main.o
 .group         0x00000000        0xc main.o
 .group         0x00000000        0xc main.o
 .group         0x00000000        0xc main.o
 .group         0x00000000        0xc main.o
 .group         0x00000000        0xc main.o
 .group         0x00000000        0xc main.o
 .group         0x00000000        0xc main.o
 .group         0x00000000        0xc main.o
 .group         0x00000000        0xc main.o
 .group         0x00000000        0xc main.o
 .group         0x00000000        0xc main.o
 .group         0x00000000        0xc main.o
 .group         0x00000000        0xc main.o
 .group         0x00000000        0xc main.o
 .group         0x00000000        0xc main.o
 .group         0x00000000        0xc main.o
 .group         0x00000000        0xc main.o
 .group         0x00000000        0xc main.o
 .group         0x00000000        0xc main.o
 .group         0x00000000        0xc main.o
 .group         0x00000000        0xc main.o
 .group         0x00000000        0xc main.o
 .group         0x00000000        0xc main.o
 .group         0x00000000        0xc main.o
 .group         0x00000000        0xc main.o
 .group         0x00000000        0xc main.o
 .group         0x00000000        0xc main.o
 .debug_macro   0x00000000      0xbf8 main.o
 .debug_macro   0x00000000       0x10 main.o
 .debug_macro   0x00000000      0x1c9 main.o
 .debug_macro   0x00000000      0x2fc main.o
 .debug_macro   0x00000000       0x9e main.o
 .debug_macro   0x00000000      0xc24 main.o
 .debug_macro   0x00000000      0x170 main.o
 .debug_macro   0x00000000       0xbd main.o
 .debug_macro   0x00000000       0x34 main.o
 .debug_macro   0x00000000       0x18 main.o
 .debug_macro   0x00000000       0x6c main.o
 .debug_macro   0x00000000       0xec main.o
 .debug_macro   0x00000000       0x22 main.o
 .debug_macro   0x00000000       0x10 main.o
 .debug_macro   0x00000000       0x90 main.o
 .debug_macro   0x00000000       0xd2 main.o
 .debug_macro   0x00000000      0x11c main.o
 .debug_macro   0x00000000       0x27 main.o
 .text          0x00000000        0x0 c:/qmk_msys/mingw64/bin/../lib/gcc/avr/12.2.0/avr5\libgcc.a(_exit.o)
 .data          0x00000000        0x0 c:/qmk_msys/mingw64/bin/../lib/gcc/avr/12.2.0/avr5\libgcc.a(_exit.o)
 .bss           0x00000000        0x0 c:/qmk_msys/mingw64/bin/../lib/gcc/avr/12.2.0/avr5\libgcc.a(_exit.o)
 .text.libgcc.mul
                0x00000000        0x0 c:/qmk_msys/mingw64/bin/../lib/gcc/avr/12.2.0/avr5\libgcc.a(_exit.o)
 .text.libgcc.div
                0x00000000        0x0 c:/qmk_msys/mingw64/bin/../lib/gcc/avr/12.2.0/avr5\libgcc.a(_exit.o)
 .text.libgcc   0x00000000        0x0 c:/qmk_msys/mingw64/bin/../lib/gcc/avr/12.2.0/avr5\libgcc.a(_exit.o)
 .text.libgcc.prologue
                0x00000000        0x0 c:/qmk_msys/mingw64/bin/../lib/gcc/avr/12.2.0/avr5\libgcc.a(_exit.o)
 .text.libgcc.builtins
                0x00000000        0x0 c:/qmk_msys/mingw64/bin/../lib/gcc/avr/12.2.0/avr5\libgcc.a(_exit.o)
 .text.libgcc.fmul
                0x00000000        0x0 c:/qmk_msys/mingw64/bin/../lib/gcc/avr/12.2.0/avr5\libgcc.a(_exit.o)
 .text.libgcc.fixed
                0x00000000        0x0 c:/qmk_msys/mingw64/bin/../lib/gcc/avr/12.2.0/avr5\libgcc.a(_exit.o)
 .text          0x00000000        0x0 c:/qmk_msys/mingw64/bin/../lib/gcc/avr/12.2.0/avr5\libgcc.a(_copy_data.o)
 .data          0x00000000        0x0 c:/qmk_msys/mingw64/bin/../lib/gcc/avr/12.2.0/avr5\libgcc.a(_copy_data.o)
 .bss           0x00000000        0x0 c:/qmk_msys/mingw64/bin/../lib/gcc/avr/12.2.0/avr5\libgcc.a(_copy_data.o)
 .text.libgcc.mul
                0x00000000        0x0 c:/qmk_msys/mingw64/bin/../lib/gcc/avr/12.2.0/avr5\libgcc.a(_copy_data.o)
 .text.libgcc.div
                0x00000000        0x0 c:/qmk_msys/mingw64/bin/../lib/gcc/avr/12.2.0/avr5\libgcc.a(_copy_data.o)
 .text.libgcc   0x00000000        0x0 c:/qmk_msys/mingw64/bin/../lib/gcc/avr/12.2.0/avr5\libgcc.a(_copy_data.o)
 .text.libgcc.prologue
                0x00000000        0x0 c:/qmk_msys/mingw64/bin/../lib/gcc/avr/12.2.0/avr5\libgcc.a(_copy_data.o)
 .text.libgcc.builtins
                0x00000000        0x0 c:/qmk_msys/mingw64/bin/../lib/gcc/avr/12.2.0/avr5\libgcc.a(_copy_data.o)
 .text.libgcc.fmul
                0x00000000        0x0 c:/qmk_msys/mingw64/bin/../lib/gcc/avr/12.2.0/avr5\libgcc.a(_copy_data.o)
 .text.libgcc.fixed
                0x00000000        0x0 c:/qmk_msys/mingw64/bin/../lib/gcc/avr/12.2.0/avr5\libgcc.a(_copy_data.o)
 .text          0x00000000        0x0 c:/qmk_msys/mingw64/bin/../lib/gcc/avr/12.2.0/avr5\libgcc.a(_clear_bss.o)
 .data          0x00000000        0x0 c:/qmk_msys/mingw64/bin/../lib/gcc/avr/12.2.0/avr5\libgcc.a(_clear_bss.o)
 .bss           0x00000000        0x0 c:/qmk_msys/mingw64/bin/../lib/gcc/avr/12.2.0/avr5\libgcc.a(_clear_bss.o)
 .text.libgcc.mul
                0x00000000        0x0 c:/qmk_msys/mingw64/bin/../lib/gcc/avr/12.2.0/avr5\libgcc.a(_clear_bss.o)
 .text.libgcc.div
                0x00000000        0x0 c:/qmk_msys/mingw64/bin/../lib/gcc/avr/12.2.0/avr5\libgcc.a(_clear_bss.o)
 .text.libgcc   0x00000000        0x0 c:/qmk_msys/mingw64/bin/../lib/gcc/avr/12.2.0/avr5\libgcc.a(_clear_bss.o)
 .text.libgcc.prologue
                0x00000000        0x0 c:/qmk_msys/mingw64/bin/../lib/gcc/avr/12.2.0/avr5\libgcc.a(_clear_bss.o)
 .text.libgcc.builtins
                0x00000000        0x0 c:/qmk_msys/mingw64/bin/../lib/gcc/avr/12.2.0/avr5\libgcc.a(_clear_bss.o)
 .text.libgcc.fmul
                0x00000000        0x0 c:/qmk_msys/mingw64/bin/../lib/gcc/avr/12.2.0/avr5\libgcc.a(_clear_bss.o)
 .text.libgcc.fixed
                0x00000000        0x0 c:/qmk_msys/mingw64/bin/../lib/gcc/avr/12.2.0/avr5\libgcc.a(_clear_bss.o)
 .text          0x00000000        0x0 c:/qmk_msys/mingw64/bin/../lib/gcc/avr/12.2.0/../../../../avr/lib/avr5\libatmega32.a(eerd_byte.o)
 .data          0x00000000        0x0 c:/qmk_msys/mingw64/bin/../lib/gcc/avr/12.2.0/../../../../avr/lib/avr5\libatmega32.a(eerd_byte.o)
 .bss           0x00000000        0x0 c:/qmk_msys/mingw64/bin/../lib/gcc/avr/12.2.0/../../../../avr/lib/avr5\libatmega32.a(eerd_byte.o)
 .text          0x00000000        0x0 c:/qmk_msys/mingw64/bin/../lib/gcc/avr/12.2.0/../../../../avr/lib/avr5\libatmega32.a(eewr_byte.o)
 .data          0x00000000        0x0 c:/qmk_msys/mingw64/bin/../lib/gcc/avr/12.2.0/../../../../avr/lib/avr5\libatmega32.a(eewr_byte.o)
 .bss           0x00000000        0x0 c:/qmk_msys/mingw64/bin/../lib/gcc/avr/12.2.0/../../../../avr/lib/avr5\libatmega32.a(eewr_byte.o)

Memory Configuration

Name             Origin             Length             Attributes
text             0x00000000         0x00020000         xr
data             0x00800060         0x0000ffa0         rw!x
eeprom           0x00810000         0x00010000         rw!x
fuse             0x00820000         0x00000002         rw!x
lock             0x00830000         0x00000400         rw!x
signature        0x00840000         0x00000400         rw!x
user_signatures  0x00850000         0x00000400         rw!x
*default*        0x00000000         0xffffffff

Linker script and memory map

LOAD c:/qmk_msys/mingw64/bin/../lib/gcc/avr/12.2.0/../../../../avr/lib/avr5/crtatmega32.o
LOAD usbdrv/usbdrvasm.o
LOAD usbdrv/oddebug.o
LOAD main.o
Address of section .text set to 0x7000
                0x00000000                        nullVector = 0x0
START GROUP
LOAD c:/qmk_msys/mingw64/bin/../lib/gcc/avr/12.2.0/avr5\libgcc.a
LOAD c:/qmk_msys/mingw64/bin/../lib/gcc/avr/12.2.0/../../../../avr/lib/avr5\libm.a
LOAD c:/qmk_msys/mingw64/bin/../lib/gcc/avr/12.2.0/../../../../avr/lib/avr5\libc.a
LOAD c:/qmk_msys/mingw64/bin/../lib/gcc/avr/12.2.0/../../../../avr/lib/avr5\libatmega32.a
END GROUP
                0x00020000                        __TEXT_REGION_LENGTH__ = DEFINED (__TEXT_REGION_LENGTH__)?__TEXT_REGION_LENGTH__:0x20000
                0x00800060                        __DATA_REGION_ORIGIN__ = DEFINED (__DATA_REGION_ORIGIN__)?__DATA_REGION_ORIGIN__:0x800060
                0x0000ffa0                        __DATA_REGION_LENGTH__ = DEFINED (__DATA_REGION_LENGTH__)?__DATA_REGION_LENGTH__:0xffa0
                0x00010000                        __EEPROM_REGION_LENGTH__ = DEFINED (__EEPROM_REGION_LENGTH__)?__EEPROM_REGION_LENGTH__:0x10000
                [0x00000002]                      __FUSE_REGION_LENGTH__ = DEFINED (__FUSE_REGION_LENGTH__)?__FUSE_REGION_LENGTH__:0x400
                0x00000400                        __LOCK_REGION_LENGTH__ = DEFINED (__LOCK_REGION_LENGTH__)?__LOCK_REGION_LENGTH__:0x400
                0x00000400                        __SIGNATURE_REGION_LENGTH__ = DEFINED (__SIGNATURE_REGION_LENGTH__)?__SIGNATURE_REGION_LENGTH__:0x400
                0x00000400                        __USER_SIGNATURE_REGION_LENGTH__ = DEFINED (__USER_SIGNATURE_REGION_LENGTH__)?__USER_SIGNATURE_REGION_LENGTH__:0x400

.hash
 *(.hash)

.dynsym
 *(.dynsym)

.dynstr
 *(.dynstr)

.gnu.version
 *(.gnu.version)

.gnu.version_d
 *(.gnu.version_d)

.gnu.version_r
 *(.gnu.version_r)

.rel.init
 *(.rel.init)

.rela.init
 *(.rela.init)

.rel.text
 *(.rel.text)
 *(.rel.text.*)
 *(.rel.gnu.linkonce.t*)

.rela.text
 *(.rela.text)
 *(.rela.text.*)
 *(.rela.gnu.linkonce.t*)

.rel.fini
 *(.rel.fini)

.rela.fini
 *(.rela.fini)

.rel.rodata
 *(.rel.rodata)
 *(.rel.rodata.*)
 *(.rel.gnu.linkonce.r*)

.rela.rodata
 *(.rela.rodata)
 *(.rela.rodata.*)
 *(.rela.gnu.linkonce.r*)

.rel.data
 *(.rel.data)
 *(.rel.data.*)
 *(.rel.gnu.linkonce.d*)

.rela.data
 *(.rela.data)
 *(.rela.data.*)
 *(.rela.gnu.linkonce.d*)

.rel.ctors
 *(.rel.ctors)

.rela.ctors
 *(.rela.ctors)

.rel.dtors
 *(.rel.dtors)

.rela.dtors
 *(.rela.dtors)

.rel.got
 *(.rel.got)

.rela.got
 *(.rela.got)

.rel.bss
 *(.rel.bss)

.rela.bss
 *(.rela.bss)

.rel.plt
 *(.rel.plt)

.rela.plt
 *(.rela.plt)

.text           0x00007000      0x85e
 *(.vectors)
 .vectors       0x00007000       0x54 c:/qmk_msys/mingw64/bin/../lib/gcc/avr/12.2.0/../../../../avr/lib/avr5/crtatmega32.o
                0x00007000                __vector_default
                0x00007000                __vectors
 .vectors       0x00007054       0x1e main.o
                0x00007054                bootloader__do_spm
 *(.vectors)
 *(.progmem.gcc*)
                0x00007072                        . = ALIGN (0x2)
                0x00007072                        __trampolines_start = .
 *(.trampolines)
 .trampolines   0x00007072        0x0 linker stubs
 *(.trampolines*)
                0x00007072                        __trampolines_end = .
 *libprintf_flt.a:*(.progmem.data)
 *libc.a:*(.progmem.data)
 *(.progmem.*)
 .progmem.data  0x00007072       0x52 main.o
                0x00007072                usbDescriptorConfiguration
                0x00007084                usbDescriptorDevice
                0x00007096                usbDescriptorStringDevice
                0x000070a4                usbDescriptorStringVendor
                0x000070c0                usbDescriptorString0
                0x000070c4                        . = ALIGN (0x2)
 *(.lowtext)
 *(.lowtext*)
                0x000070c4                        __ctors_start = .
 *(.ctors)
                0x000070c4                        __ctors_end = .
                0x000070c4                        __dtors_start = .
 *(.dtors)
                0x000070c4                        __dtors_end = .
 SORT_BY_NAME(*)(.ctors)
 SORT_BY_NAME(*)(.dtors)
 *(.init0)
 .init0         0x000070c4        0x0 c:/qmk_msys/mingw64/bin/../lib/gcc/avr/12.2.0/../../../../avr/lib/avr5/crtatmega32.o
                0x000070c4                __init
 *(.init0)
 *(.init1)
 *(.init1)
 *(.init2)
 .init2         0x000070c4        0xc c:/qmk_msys/mingw64/bin/../lib/gcc/avr/12.2.0/../../../../avr/lib/avr5/crtatmega32.o
 *(.init2)
 *(.init3)
 .init3         0x000070d0       0x18 main.o
                0x000070d0                __BOOTLOADERENTRY_FROMSOFTWARE__bootup_investigate_RAMEND
 *(.init3)
 *(.init4)
 .init4         0x000070e8       0x16 c:/qmk_msys/mingw64/bin/../lib/gcc/avr/12.2.0/avr5\libgcc.a(_copy_data.o)
                0x000070e8                __do_copy_data
 .init4         0x000070fe       0x10 c:/qmk_msys/mingw64/bin/../lib/gcc/avr/12.2.0/avr5\libgcc.a(_clear_bss.o)
                0x000070fe                __do_clear_bss
 *(.init4)
 *(.init5)
 *(.init5)
 *(.init6)
 *(.init6)
 *(.init7)
 *(.init7)
 *(.init8)
 *(.init8)
 *(.init9)
 .init9         0x0000710e        0x4 c:/qmk_msys/mingw64/bin/../lib/gcc/avr/12.2.0/../../../../avr/lib/avr5/crtatmega32.o
 *(.init9)
 *(.text)
 .text          0x00007112        0x2 c:/qmk_msys/mingw64/bin/../lib/gcc/avr/12.2.0/../../../../avr/lib/avr5/crtatmega32.o
                0x00007112                __vector_12
                0x00007112                __bad_interrupt
                0x00007112                __vector_6
                0x00007112                __vector_3
                0x00007112                __vector_11
                0x00007112                __vector_13
                0x00007112                __vector_17
                0x00007112                __vector_19
                0x00007112                __vector_7
                0x00007112                __vector_5
                0x00007112                __vector_4
                0x00007112                __vector_9
                0x00007112                __vector_2
                0x00007112                __vector_15
                0x00007112                __vector_8
                0x00007112                __vector_14
                0x00007112                __vector_10
                0x00007112                __vector_16
                0x00007112                __vector_18
                0x00007112                __vector_20
 .text          0x00007114      0x25a usbdrv/usbdrvasm.o
                0x00007114                usbCrc16
                0x0000713e                usbCrc16Append
                0x00007146                __vector_1
 .text          0x0000736e       0x92 main.o
                0x0000736e                usbFunctionSetup_USBASP_FUNC_TRANSMIT
                0x00007400                        . = ALIGN (0x2)
 *(.text.*)
 .text.startup  0x00007400      0x430 main.o
                0x00007400                main
 .text.avr-libc
                0x00007830       0x10 c:/qmk_msys/mingw64/bin/../lib/gcc/avr/12.2.0/../../../../avr/lib/avr5\libatmega32.a(eerd_byte.o)
                0x00007830                eeprom_read_byte
 .text.avr-libc
                0x00007840       0x1a c:/qmk_msys/mingw64/bin/../lib/gcc/avr/12.2.0/../../../../avr/lib/avr5\libatmega32.a(eewr_byte.o)
                0x00007840                eeprom_write_byte
                0x00007842                eeprom_write_r18
                0x0000785a                        . = ALIGN (0x2)
 *(.fini9)
 .fini9         0x0000785a        0x0 c:/qmk_msys/mingw64/bin/../lib/gcc/avr/12.2.0/avr5\libgcc.a(_exit.o)
                0x0000785a                _exit
                0x0000785a                exit
 *(.fini9)
 *(.fini8)
 *(.fini8)
 *(.fini7)
 *(.fini7)
 *(.fini6)
 *(.fini6)
 *(.fini5)
 *(.fini5)
 *(.fini4)
 *(.fini4)
 *(.fini3)
 *(.fini3)
 *(.fini2)
 *(.fini2)
 *(.fini1)
 *(.fini1)
 *(.fini0)
 .fini0         0x0000785a        0x4 c:/qmk_msys/mingw64/bin/../lib/gcc/avr/12.2.0/avr5\libgcc.a(_exit.o)
 *(.fini0)
 *(.hightext)
 *(.hightext*)
 *(.progmemx.*)
                0x0000785e                        . = ALIGN (0x2)
 *(.jumptables)
 *(.jumptables*)
                0x0000785e                        _etext = .

.data           0x00800060        0x6 load address 0x0000785e
                0x00800060                        PROVIDE (__data_start = .)
 *(.data)
 .data          0x00800060        0x2 main.o
                0x00800061                usbTxLen
 *(.data*)
 *(.gnu.linkonce.d*)
 *(.rodata)
 .rodata        0x00800062        0x4 main.o
 *(.rodata*)
 *(.gnu.linkonce.r*)
                0x00800066                        . = ALIGN (0x2)
                0x00800066                        _edata = .
                0x00800066                        PROVIDE (__data_end = .)

.bss            0x00800066       0x35
                0x00800066                        PROVIDE (__bss_start = .)
 *(.bss)
 .bss           0x00800066       0x35 main.o
                0x00800066                usbMsgPtr
                0x00800068                usbTxBuf
                0x00800073                usbRxToken
                0x00800074                usbCurrentTok
                0x00800075                usbRxLen
                0x00800076                usbConfiguration
                0x00800077                usbNewDeviceAddr
                0x00800078                usbDeviceAddr
                0x00800079                usbInputBufOffset
                0x0080007a                usbRxBuf
 *(.bss*)
 *(COMMON)
                0x0080009b                        PROVIDE (__bss_end = .)
                0x0000785e                        __data_load_start = LOADADDR (.data)
                0x00007864                        __data_load_end = (__data_load_start + SIZEOF (.data))

.noinit         0x0080009b        0x2
                [!provide]                        PROVIDE (__noinit_start = .)
 *(.noinit .noinit.* .gnu.linkonce.n.*)
 .noinit        0x0080009b        0x2 main.o
                [!provide]                        PROVIDE (__noinit_end = .)
                0x0080009d                        _end = .
                [!provide]                        PROVIDE (__heap_start = .)

.eeprom         0x00810000        0x0
 *(.eeprom*)
                0x00810000                        __eeprom_end = .

.fuse
 *(.fuse)
 *(.lfuse)
 *(.hfuse)
 *(.efuse)

.lock
 *(.lock*)

.signature
 *(.signature*)

.stab
 *(.stab)

.stabstr
 *(.stabstr)

.stab.excl
 *(.stab.excl)

.stab.exclstr
 *(.stab.exclstr)

.stab.index
 *(.stab.index)

.stab.indexstr
 *(.stab.indexstr)

.comment        0x00000000       0x12
 *(.comment)
 .comment       0x00000000       0x12 main.o
                                 0x13 (size before relaxing)

.note.gnu.avr.deviceinfo
                0x00000000       0x3c
 .note.gnu.avr.deviceinfo
                0x00000000       0x3c c:/qmk_msys/mingw64/bin/../lib/gcc/avr/12.2.0/../../../../avr/lib/avr5/crtatmega32.o

.gnu.build.attributes
 *(.gnu.build.attributes .gnu.build.attributes.*)

.note.gnu.build-id
 *(.note.gnu.build-id)

.debug
 *(.debug)

.line
 *(.line)

.debug_srcinfo
 *(.debug_srcinfo)

.debug_sfnames
 *(.debug_sfnames)

.debug_aranges  0x00000000       0x50
 *(.debug_aranges)
 .debug_aranges
                0x00000000       0x20 usbdrv/usbdrvasm.o
 .debug_aranges
                0x00000020       0x30 main.o

.debug_pubnames
 *(.debug_pubnames)

.debug_info     0x00000000     0x1483
 *(.debug_info .gnu.linkonce.wi.*)
 .debug_info    0x00000000      0x4e6 c:/qmk_msys/mingw64/bin/../lib/gcc/avr/12.2.0/../../../../avr/lib/avr5/crtatmega32.o
 .debug_info    0x000004e6       0x25 usbdrv/usbdrvasm.o
 .debug_info    0x0000050b      0xf78 main.o

.debug_abbrev   0x00000000      0x8ea
 *(.debug_abbrev)
 .debug_abbrev  0x00000000      0x4a3 c:/qmk_msys/mingw64/bin/../lib/gcc/avr/12.2.0/../../../../avr/lib/avr5/crtatmega32.o
 .debug_abbrev  0x000004a3       0x14 usbdrv/usbdrvasm.o
 .debug_abbrev  0x000004b7      0x433 main.o

.debug_line     0x00000000     0x1a45
 *(.debug_line .debug_line.* .debug_line_end)
 .debug_line    0x00000000       0x1d c:/qmk_msys/mingw64/bin/../lib/gcc/avr/12.2.0/../../../../avr/lib/avr5/crtatmega32.o
 .debug_line    0x0000001d      0x6dc usbdrv/usbdrvasm.o
 .debug_line    0x000006f9     0x134c main.o

.debug_frame    0x00000000       0x44
 *(.debug_frame)
 .debug_frame   0x00000000       0x44 main.o

.debug_str      0x00000000     0xc277
 *(.debug_str)
 .debug_str     0x00000000      0x196 c:/qmk_msys/mingw64/bin/../lib/gcc/avr/12.2.0/../../../../avr/lib/avr5/crtatmega32.o
 .debug_str     0x00000196     0xc0e1 usbdrv/usbdrvasm.o
                                 0x6d (size before relaxing)
 .debug_str     0x0000c277     0xc280 main.o

.debug_loc
 *(.debug_loc)

.debug_macinfo
 *(.debug_macinfo)

.debug_weaknames
 *(.debug_weaknames)

.debug_funcnames
 *(.debug_funcnames)

.debug_typenames
 *(.debug_typenames)

.debug_varnames
 *(.debug_varnames)

.debug_pubtypes
 *(.debug_pubtypes)

.debug_ranges
 *(.debug_ranges)

.debug_addr
 *(.debug_addr)

.debug_line_str
                0x00000000      0x295
 *(.debug_line_str)
 .debug_line_str
                0x00000000      0x295 usbdrv/usbdrvasm.o
                                 0x7f (size before relaxing)
 .debug_line_str
                0x00000295      0x2f5 main.o

.debug_loclists
                0x00000000      0x8a5
 *(.debug_loclists)
 .debug_loclists
                0x00000000      0x8a5 main.o

.debug_macro    0x00000000      0xae5
 *(.debug_macro)
 .debug_macro   0x00000000      0x23a main.o
 .debug_macro   0x0000023a       0x33 main.o
 .debug_macro   0x0000026d       0x77 main.o
 .debug_macro   0x000002e4       0x5a main.o
 .debug_macro   0x0000033e      0x10b main.o
 .debug_macro   0x00000449       0x33 main.o
 .debug_macro   0x0000047c      0x10c main.o
 .debug_macro   0x00000588      0x160 main.o
 .debug_macro   0x000006e8       0x10 main.o
 .debug_macro   0x000006f8       0x6b main.o
 .debug_macro   0x00000763       0x16 main.o
 .debug_macro   0x00000779       0x35 main.o
 .debug_macro   0x000007ae      0x288 main.o
 .debug_macro   0x00000a36       0x22 main.o
 .debug_macro   0x00000a58       0x8d main.o

.debug_names
 *(.debug_names)

.debug_rnglists
                0x00000000      0x127
 *(.debug_rnglists)
 .debug_rnglists
                0x00000000      0x127 main.o

.debug_str_offsets
 *(.debug_str_offsets)

.debug_sup
 *(.debug_sup)
OUTPUT(main.elf elf32-avr)
LOAD linker stubs
